// Jest Snapshot v1, https://goo.gl/fbAQLP

exports[`Footer Match Snapshot 1`] = `
<div>
  <footer>
    <h5>
      Copyright Â© 2022 lemuellin
    </h5>
    <a
      href="https://github.com/lemuellin"
      rel="noopener noreferrer"
      target="_blank"
    >
      <img
        alt="github"
        class="iconFooter"
        src="github.png"
      />
    </a>
  </footer>
</div>
`;
